---
source: src/surface/card/compiler/tests/links.rs
expression: json
---
{
  "symbol": "sym_6aeed050165175727f73e633a1a15fd8",
  "name": "annotated",
  "qualified_name": "annotated",
  "defined_at": "src/lib.rs:10",
  "signature": "pub fn annotated() -> u32",
  "doc_comment": "Docs.",
  "callers": [],
  "callees": [],
  "tests_touching": [],
  "drift_flag": null,
  "source_body": "pub fn annotated() -> u32 { 7 }",
  "approx_tokens": 23,
  "source_store": "graph",
  "epistemic": "parser_observed",
  "overlay_commentary": null,
  "commentary_state": "missing",
  "proposed_links": [
    {
      "source": {
        "Symbol": "sym_6aeed050165175727f73e633a1a15fd8"
      },
      "target": {
        "File": "file_a244943efc82b187fe5aec18077ba87b"
      },
      "kind": "references",
      "tier": "high",
      "freshness": "fresh",
      "span_count": 2
    }
  ],
  "links_state": "present"
}
