---
source: src/surface/card/compiler/tests/basic.rs
assertion_line: 189
expression: tiny
---
{
  "symbol": "sym_1c1405bbed994f380f5fadba849d2170",
  "name": "add",
  "qualified_name": "add",
  "defined_at": "src/lib.rs:31",
  "signature": "pub fn add(a: i32, b: i32) -> i32",
  "doc_comment": null,
  "callers": [],
  "callees": [],
  "tests_touching": [],
  "drift_flag": null,
  "source_body": null,
  "approx_tokens": 13,
  "context_accounting": {
    "budget_tier": "tiny",
    "token_estimate": 13,
    "raw_file_token_estimate": 18,
    "estimated_savings_ratio": 0.2777777777777778,
    "source_hashes": [
      "b4356aa41bdf49e16928ee9ac7250734edf3783218a56fccac863c02c5994064"
    ],
    "stale": false,
    "truncation_applied": false
  },
  "source_store": "graph",
  "epistemic": "parser_observed",
  "overlay_commentary": null,
  "commentary_state": "budget_withheld",
  "proposed_links": null,
  "links_state": "budget_withheld"
}
