---
source: src/surface/card/compiler/tests/basic.rs
assertion_line: 189
expression: tiny
---
{
  "symbol": "sym_1c1405bbed994f380f5fadba849d2170",
  "name": "add",
  "qualified_name": "add",
  "defined_at": "src/lib.rs:31",
  "file_id": "file_5c9f59f131e0fae5ef2a1433a1d86fe2",
  "path": "src/lib.rs",
  "root_id": "primary",
  "is_primary_root": true,
  "signature": "pub fn add(a: i32, b: i32) -> i32",
  "approx_tokens": 13,
  "context_accounting": {
    "budget_tier": "tiny",
    "token_estimate": 13,
    "raw_file_token_estimate": 25,
    "estimated_savings_ratio": 0.48,
    "source_hashes": [
      "b4356aa41bdf49e16928ee9ac7250734edf3783218a56fccac863c02c5994064"
    ],
    "stale": false,
    "truncation_applied": false
  },
  "source_store": "graph",
  "epistemic": "parser_observed",
  "commentary_state": "budget_withheld",
  "links_state": "budget_withheld"
}
