---
source: src/surface/card/compiler/tests/basic.rs
expression: normal
---
{
  "symbol": "sym_d4df48aace678ef3b1378965e1d10cc0",
  "name": "add",
  "qualified_name": "add",
  "defined_at": "src/lib.rs:31",
  "signature": "pub fn add(a: i32, b: i32) -> i32",
  "doc_comment": "Add two integers together.",
  "callers": [],
  "callees": [],
  "tests_touching": [],
  "drift_flag": null,
  "source_body": null,
  "approx_tokens": 19,
  "source_store": "graph",
  "epistemic": "parser_observed",
  "overlay_commentary": null,
  "commentary_state": "budget_withheld",
  "proposed_links": null,
  "links_state": "budget_withheld"
}
