---
source: src/surface/card/compiler/tests/basic.rs
expression: normal
---
{
  "symbol": "sym_d4df48aace678ef3b1378965e1d10cc0",
  "name": "add",
  "qualified_name": "add",
  "defined_at": "src/lib.rs:31",
  "signature": "pub fn add(a: i32, b: i32) -> i32",
  "doc_comment": "Add two integers together.",
  "callers": [],
  "callees": [],
  "tests_touching": [],
  "drift_flag": null,
  "source_body": null,
  "approx_tokens": 19,
  "context_accounting": {
    "budget_tier": "normal",
    "token_estimate": 19,
    "raw_file_token_estimate": 18,
    "estimated_savings_ratio": 0.0,
    "source_hashes": [
      "b4356aa41bdf49e16928ee9ac7250734edf3783218a56fccac863c02c5994064"
    ],
    "stale": false,
    "truncation_applied": false
  },
  "source_store": "graph",
  "epistemic": "parser_observed",
  "overlay_commentary": null,
  "commentary_state": "budget_withheld",
  "proposed_links": null,
  "links_state": "budget_withheld"
}
