---
source: src/surface/card/compiler/tests/basic.rs
assertion_line: 198
expression: deep
---
{
  "symbol": "sym_1c1405bbed994f380f5fadba849d2170",
  "name": "add",
  "qualified_name": "add",
  "defined_at": "src/lib.rs:31",
  "signature": "pub fn add(a: i32, b: i32) -> i32",
  "doc_comment": "Add two integers together.",
  "source_body": "pub fn add(a: i32, b: i32) -> i32 { a + b }",
  "approx_tokens": 30,
  "context_accounting": {
    "budget_tier": "deep",
    "token_estimate": 30,
    "raw_file_token_estimate": 25,
    "estimated_savings_ratio": 0.0,
    "source_hashes": [
      "b4356aa41bdf49e16928ee9ac7250734edf3783218a56fccac863c02c5994064"
    ],
    "stale": false,
    "truncation_applied": false
  },
  "source_store": "graph",
  "epistemic": "parser_observed",
  "commentary_state": "missing",
  "links_state": "missing"
}
