---
source: src/surface/card/compiler/tests/links.rs
expression: json
---
{
  "symbol": "sym_283a816567dfdac1ff6c48d9c0dc6c9c",
  "name": "annotated",
  "qualified_name": "annotated",
  "defined_at": "src/lib.rs:10",
  "file_id": "file_35093940c56e67bd38c3dc1ef27cce21",
  "path": "src/lib.rs",
  "root_id": "primary",
  "is_primary_root": true,
  "root_kind": "primary",
  "root_label": "primary",
  "editable": true,
  "signature": "pub fn annotated() -> u32",
  "doc_comment": "Docs.",
  "source_body": "pub fn annotated() -> u32 { 7 }",
  "source_body_state": "included",
  "approx_tokens": 25,
  "context_accounting": {
    "budget_tier": "deep",
    "token_estimate": 25,
    "raw_file_token_estimate": 14,
    "estimated_savings_ratio": 0.0,
    "source_hashes": [
      "ada598f4d7bb2f9e60803fe40a978335b582df452c433f1b4c4f5872dcafbaab"
    ],
    "stale": false,
    "truncation_applied": false
  },
  "source_store": "graph",
  "epistemic": "parser_observed",
  "commentary_state": "missing",
  "proposed_links": [
    {
      "source": {
        "Symbol": "sym_283a816567dfdac1ff6c48d9c0dc6c9c"
      },
      "target": {
        "File": "file_35093940c56e67bd38c3dc1ef27cce21"
      },
      "kind": "references",
      "tier": "high",
      "freshness": "fresh",
      "span_count": 2
    }
  ],
  "links_state": "present"
}
