---
source: src/surface/card/compiler/neighborhood/tests.rs
assertion_line: 214
expression: deep
---
{
  "focal_card": {
    "file": "file_da7126252fc52382b57d357eb90beb47",
    "path": "src/lib.rs",
    "symbols": [
      {
        "id": "sym_0428e9f2f46549976b560f5b402d03ee",
        "qualified_name": "add",
        "location": "src/lib.rs:22"
      }
    ],
    "imported_by": [],
    "imports": [],
    "co_changes": [],
    "git_intelligence": null,
    "drift_flag": null,
    "approx_tokens": 10,
    "context_accounting": {
      "budget_tier": "deep",
      "token_estimate": 10,
      "raw_file_token_estimate": 22,
      "estimated_savings_ratio": 0.5454545454545454,
      "source_hashes": [
        "26535f89bfda506331673d0cd2c73c4311fc9f61f361b7188e84cb858e8f8986"
      ],
      "stale": false,
      "truncation_applied": false
    },
    "source_store": "graph"
  },
  "neighbors": [],
  "neighbor_summaries": null,
  "decision_cards": null,
  "co_change_partners": [],
  "co_change_state": "missing",
  "edge_counts": {
    "outbound_calls_count": 0,
    "outbound_imports_count": 0,
    "governs_count": 0,
    "co_change_count": 0
  },
  "budget": "deep"
}
