---
source: src/surface/card/compiler/neighborhood/tests.rs
expression: normal
---
{
  "focal_card": {
    "approx_tokens": 10,
    "co_changes": [],
    "context_accounting": {
      "budget_tier": "normal",
      "estimated_savings_ratio": 0.375,
      "raw_file_token_estimate": 16,
      "source_hashes": [
        "26535f89bfda506331673d0cd2c73c4311fc9f61f361b7188e84cb858e8f8986"
      ],
      "stale": false,
      "token_estimate": 10,
      "truncation_applied": false
    },
    "drift_flag": null,
    "file": "file_9af6693ae5dcd892434e192a33af3625",
    "git_intelligence": null,
    "imported_by": [],
    "imports": [],
    "path": "src/lib.rs",
    "source_store": "graph",
    "symbols": [
      {
        "id": "sym_c91e9e253fe55f8802f3bf861682fb4b",
        "location": "src/lib.rs:22",
        "qualified_name": "add"
      }
    ]
  },
  "neighbors": null,
  "neighbor_summaries": [],
  "decision_cards": null,
  "co_change_partners": [],
  "co_change_state": "missing",
  "edge_counts": {
    "outbound_calls_count": 0,
    "outbound_imports_count": 0,
    "governs_count": 0,
    "co_change_count": 0
  },
  "budget": "normal"
}
